2025-05-24T18:43:38.697+02:00  INFO 12472 --- [noteapi] [restartedMain] c.mediLabo.noteApi.NoteApiApplication    : Starting NoteApiApplication using Java 22.0.1 with PID 12472 (C:\Users\martel\Desktop\1-dev java\P9-Entrainement\noteapi\target\classes started by martel in C:\Users\martel\Desktop\1-dev java\P9-Entrainement\noteapi)
2025-05-24T18:43:38.703+02:00  INFO 12472 --- [noteapi] [restartedMain] c.mediLabo.noteApi.NoteApiApplication    : No active profile set, falling back to 1 default profile: "default"
2025-05-24T18:43:38.750+02:00  INFO 12472 --- [noteapi] [restartedMain] o.s.c.c.c.ConfigServerConfigDataLoader   : Fetching config from server at : http://localhost:5555
2025-05-24T18:43:38.751+02:00  INFO 12472 --- [noteapi] [restartedMain] o.s.c.c.c.ConfigServerConfigDataLoader   : Located environment: name=noteapi, profiles=[default], label=null, version=null, state=null
2025-05-24T18:43:38.753+02:00  INFO 12472 --- [noteapi] [restartedMain] .e.DevToolsPropertyDefaultsPostProcessor : Devtools property defaults active! Set 'spring.devtools.add-properties' to 'false' to disable
2025-05-24T18:43:38.753+02:00  INFO 12472 --- [noteapi] [restartedMain] .e.DevToolsPropertyDefaultsPostProcessor : For additional web related logging consider setting the 'logging.level.web' property to 'DEBUG'
2025-05-24T18:43:39.557+02:00  INFO 12472 --- [noteapi] [restartedMain] .s.d.r.c.RepositoryConfigurationDelegate : Bootstrapping Spring Data MongoDB repositories in DEFAULT mode.
2025-05-24T18:43:39.650+02:00  INFO 12472 --- [noteapi] [restartedMain] .s.d.r.c.RepositoryConfigurationDelegate : Finished Spring Data repository scanning in 87 ms. Found 1 MongoDB repository interface.
2025-05-24T18:43:39.780+02:00  INFO 12472 --- [noteapi] [restartedMain] o.s.cloud.context.scope.GenericScope     : BeanFactory id=0ba23d0c-7cc0-37ee-b434-248d1e822a79
2025-05-24T18:43:40.105+02:00  INFO 12472 --- [noteapi] [restartedMain] o.s.b.w.embedded.tomcat.TomcatWebServer  : Tomcat initialized with port 5002 (http)
2025-05-24T18:43:40.118+02:00  INFO 12472 --- [noteapi] [restartedMain] o.apache.catalina.core.StandardService   : Starting service [Tomcat]
2025-05-24T18:43:40.119+02:00  INFO 12472 --- [noteapi] [restartedMain] o.apache.catalina.core.StandardEngine    : Starting Servlet engine: [Apache Tomcat/10.1.40]
2025-05-24T18:43:40.158+02:00  INFO 12472 --- [noteapi] [restartedMain] o.a.c.c.C.[Tomcat].[localhost].[/]       : Initializing Spring embedded WebApplicationContext
2025-05-24T18:43:40.159+02:00  INFO 12472 --- [noteapi] [restartedMain] w.s.c.ServletWebServerApplicationContext : Root WebApplicationContext: initialization completed in 1405 ms
2025-05-24T18:43:40.494+02:00  INFO 12472 --- [noteapi] [restartedMain] org.mongodb.driver.client                : MongoClient with metadata {"driver": {"name": "mongo-java-driver|sync|spring-boot", "version": "5.2.1"}, "os": {"type": "Windows", "name": "Windows 11", "architecture": "amd64", "version": "10.0"}, "platform": "Java/Eclipse Adoptium/22.0.1+8"} created with settings MongoClientSettings{readPreference=primary, writeConcern=WriteConcern{w=null, wTimeout=null ms, journal=null}, retryWrites=true, retryReads=true, readConcern=ReadConcern{level=null}, credential=null, transportSettings=null, commandListeners=[io.micrometer.core.instrument.binder.mongodb.MongoMetricsCommandListener@6bb477ec], codecRegistry=ProvidersCodecRegistry{codecProviders=[ValueCodecProvider{}, BsonValueCodecProvider{}, DBRefCodecProvider{}, DBObjectCodecProvider{}, DocumentCodecProvider{}, CollectionCodecProvider{}, IterableCodecProvider{}, MapCodecProvider{}, GeoJsonCodecProvider{}, GridFSFileCodecProvider{}, Jsr310CodecProvider{}, JsonObjectCodecProvider{}, BsonCodecProvider{}, EnumCodecProvider{}, com.mongodb.client.model.mql.ExpressionCodecProvider@17c2fa80, com.mongodb.Jep395RecordCodecProvider@27acba82, com.mongodb.KotlinCodecProvider@37713e0c]}, loggerSettings=LoggerSettings{maxDocumentLength=1000}, clusterSettings={hosts=[localhost:27017], srvServiceName=mongodb, mode=SINGLE, requiredClusterType=UNKNOWN, requiredReplicaSetName='null', serverSelector='null', clusterListeners='[]', serverSelectionTimeout='30000 ms', localThreshold='15 ms'}, socketSettings=SocketSettings{connectTimeoutMS=10000, readTimeoutMS=0, receiveBufferSize=0, proxySettings=ProxySettings{host=null, port=null, username=null, password=null}}, heartbeatSocketSettings=SocketSettings{connectTimeoutMS=10000, readTimeoutMS=10000, receiveBufferSize=0, proxySettings=ProxySettings{host=null, port=null, username=null, password=null}}, connectionPoolSettings=ConnectionPoolSettings{maxSize=100, minSize=0, maxWaitTimeMS=120000, maxConnectionLifeTimeMS=0, maxConnectionIdleTimeMS=0, maintenanceInitialDelayMS=0, maintenanceFrequencyMS=60000, connectionPoolListeners=[io.micrometer.core.instrument.binder.mongodb.MongoMetricsConnectionPoolListener@7f323419], maxConnecting=2}, serverSettings=ServerSettings{heartbeatFrequencyMS=10000, minHeartbeatFrequencyMS=500, serverMonitoringMode=AUTO, serverListeners='[]', serverMonitorListeners='[]'}, sslSettings=SslSettings{enabled=false, invalidHostNameAllowed=false, context=null}, applicationName='null', compressorList=[], uuidRepresentation=JAVA_LEGACY, serverApi=null, autoEncryptionSettings=null, dnsClient=null, inetAddressResolver=null, contextProvider=null, timeoutMS=null}
2025-05-24T18:43:40.510+02:00  INFO 12472 --- [noteapi] [cluster-ClusterId{value='6831f73c454e85525c319170', description='null'}-localhost:27017] org.mongodb.driver.cluster               : Monitor thread successfully connected to server with description ServerDescription{address=localhost:27017, type=STANDALONE, cryptd=false, state=CONNECTED, ok=true, minWireVersion=0, maxWireVersion=25, maxDocumentSize=16777216, logicalSessionTimeoutMinutes=30, roundTripTimeNanos=17653400, minRoundTripTimeNanos=0}
2025-05-24T18:43:40.608+02:00  WARN 12472 --- [noteapi] [restartedMain] o.s.b.d.a.OptionalLiveReloadServer       : Unable to start LiveReload server
2025-05-24T18:43:41.190+02:00  INFO 12472 --- [noteapi] [restartedMain] DiscoveryClientOptionalArgsConfiguration : Eureka HTTP Client uses RestTemplate.
2025-05-24T18:43:41.220+02:00  WARN 12472 --- [noteapi] [restartedMain] iguration$LoadBalancerCaffeineWarnLogger : Spring Cloud LoadBalancer is currently working with the default cache. While this cache implementation is useful for development and tests, it's recommended to use Caffeine cache in production.You can switch to using Caffeine cache, by adding it and org.springframework.cache.caffeine.CaffeineCacheManager to the classpath.
2025-05-24T18:43:41.226+02:00  INFO 12472 --- [noteapi] [restartedMain] o.s.b.a.e.web.EndpointLinksResolver      : Exposing 1 endpoint beneath base path '/actuator'
2025-05-24T18:43:41.277+02:00  INFO 12472 --- [noteapi] [restartedMain] o.s.c.n.eureka.InstanceInfoFactory       : Setting initial instance status as: STARTING
2025-05-24T18:43:41.297+02:00  INFO 12472 --- [noteapi] [restartedMain] com.netflix.discovery.DiscoveryClient    : Initializing Eureka in region us-east-1
2025-05-24T18:43:41.302+02:00  INFO 12472 --- [noteapi] [restartedMain] c.n.d.s.r.aws.ConfigClusterResolver      : Resolving eureka endpoints via configuration
2025-05-24T18:43:41.308+02:00  INFO 12472 --- [noteapi] [restartedMain] com.netflix.discovery.DiscoveryClient    : Disable delta property : false
2025-05-24T18:43:41.308+02:00  INFO 12472 --- [noteapi] [restartedMain] com.netflix.discovery.DiscoveryClient    : Single vip registry refresh property : null
2025-05-24T18:43:41.308+02:00  INFO 12472 --- [noteapi] [restartedMain] com.netflix.discovery.DiscoveryClient    : Force full registry fetch : false
2025-05-24T18:43:41.309+02:00  INFO 12472 --- [noteapi] [restartedMain] com.netflix.discovery.DiscoveryClient    : Application is null : false
2025-05-24T18:43:41.309+02:00  INFO 12472 --- [noteapi] [restartedMain] com.netflix.discovery.DiscoveryClient    : Registered Applications size is zero : true
2025-05-24T18:43:41.309+02:00  INFO 12472 --- [noteapi] [restartedMain] com.netflix.discovery.DiscoveryClient    : Application version is -1: true
2025-05-24T18:43:41.309+02:00  INFO 12472 --- [noteapi] [restartedMain] com.netflix.discovery.DiscoveryClient    : Getting all instance registry info from the eureka server
2025-05-24T18:43:41.537+02:00  INFO 12472 --- [noteapi] [restartedMain] com.netflix.discovery.DiscoveryClient    : The response status is 200
2025-05-24T18:43:41.539+02:00  INFO 12472 --- [noteapi] [restartedMain] com.netflix.discovery.DiscoveryClient    : Starting heartbeat executor: renew interval is: 30
2025-05-24T18:43:41.541+02:00  INFO 12472 --- [noteapi] [restartedMain] c.n.discovery.InstanceInfoReplicator     : InstanceInfoReplicator onDemand update allowed rate per min is 4
2025-05-24T18:43:41.542+02:00  INFO 12472 --- [noteapi] [restartedMain] com.netflix.discovery.DiscoveryClient    : Discovery Client initialized at timestamp 1748105021541 with initial instances count: 1
2025-05-24T18:43:41.545+02:00  INFO 12472 --- [noteapi] [restartedMain] o.s.c.n.e.s.EurekaServiceRegistry        : Registering application NOTEAPI with eureka with status UP
2025-05-24T18:43:41.545+02:00  INFO 12472 --- [noteapi] [restartedMain] com.netflix.discovery.DiscoveryClient    : Saw local status change event StatusChangeEvent [timestamp=1748105021545, current=UP, previous=STARTING]
2025-05-24T18:43:41.547+02:00  INFO 12472 --- [noteapi] [DiscoveryClient-InstanceInfoReplicator-%d] com.netflix.discovery.DiscoveryClient    : DiscoveryClient_NOTEAPI/PC-Quentin-Martel.mshome.net:noteapi:5002: registering service...
2025-05-24T18:43:41.566+02:00  INFO 12472 --- [noteapi] [restartedMain] o.s.b.w.embedded.tomcat.TomcatWebServer  : Tomcat started on port 5002 (http) with context path '/'
2025-05-24T18:43:41.567+02:00  INFO 12472 --- [noteapi] [restartedMain] .s.c.n.e.s.EurekaAutoServiceRegistration : Updating port to 5002
2025-05-24T18:43:41.584+02:00  INFO 12472 --- [noteapi] [restartedMain] c.mediLabo.noteApi.NoteApiApplication    : Started NoteApiApplication in 3.525 seconds (process running for 4.263)
2025-05-24T18:43:41.585+02:00  INFO 12472 --- [noteapi] [DiscoveryClient-InstanceInfoReplicator-%d] com.netflix.discovery.DiscoveryClient    : DiscoveryClient_NOTEAPI/PC-Quentin-Martel.mshome.net:noteapi:5002 - registration status: 204
2025-05-24T18:43:42.263+02:00  INFO 12472 --- [noteapi] [RMI TCP Connection(4)-127.0.0.1] o.a.c.c.C.[Tomcat].[localhost].[/]       : Initializing Spring DispatcherServlet 'dispatcherServlet'
2025-05-24T18:43:42.263+02:00  INFO 12472 --- [noteapi] [RMI TCP Connection(4)-127.0.0.1] o.s.web.servlet.DispatcherServlet        : Initializing Servlet 'dispatcherServlet'
2025-05-24T18:43:42.264+02:00  INFO 12472 --- [noteapi] [RMI TCP Connection(4)-127.0.0.1] o.s.web.servlet.DispatcherServlet        : Completed initialization in 1 ms
2025-05-24T18:44:29.545+02:00  INFO 12472 --- [noteapi] [http-nio-5002-exec-1] c.m.noteApi.controller.NoteController    : Receive GET /api/notes/patient/TestNone: NoteApi use RestController to send list of NoteDto
2025-05-24T18:44:29.597+02:00  INFO 12472 --- [noteapi] [http-nio-5002-exec-2] c.m.noteApi.controller.NoteController    : Receive GET /api/notes/patient/TestBorderline: NoteApi use RestController to send list of NoteDto
2025-05-24T18:44:29.606+02:00  INFO 12472 --- [noteapi] [http-nio-5002-exec-3] c.m.noteApi.controller.NoteController    : Receive GET /api/notes/patient/TestInDanger: NoteApi use RestController to send list of NoteDto
2025-05-24T18:44:29.615+02:00  INFO 12472 --- [noteapi] [http-nio-5002-exec-4] c.m.noteApi.controller.NoteController    : Receive GET /api/notes/patient/TestEarlyOnset: NoteApi use RestController to send list of NoteDto
2025-05-24T18:44:53.565+02:00  INFO 12472 --- [noteapi] [http-nio-5002-exec-6] c.m.noteApi.controller.NoteController    : Receive GET /api/notes/patient/TestNone: NoteApi use RestController to send list of NoteDto
2025-05-24T18:44:53.580+02:00  INFO 12472 --- [noteapi] [http-nio-5002-exec-5] c.m.noteApi.controller.NoteController    : Receive GET /api/notes/patient/TestBorderline: NoteApi use RestController to send list of NoteDto
2025-05-24T18:44:53.597+02:00  INFO 12472 --- [noteapi] [http-nio-5002-exec-7] c.m.noteApi.controller.NoteController    : Receive GET /api/notes/patient/TestInDanger: NoteApi use RestController to send list of NoteDto
2025-05-24T18:44:53.613+02:00  INFO 12472 --- [noteapi] [http-nio-5002-exec-8] c.m.noteApi.controller.NoteController    : Receive GET /api/notes/patient/TestEarlyOnset: NoteApi use RestController to send list of NoteDto
2025-05-24T18:44:55.810+02:00  INFO 12472 --- [noteapi] [http-nio-5002-exec-9] c.m.noteApi.controller.NoteController    : Receive GET /api/notes/patient/TestNone: NoteApi use RestController to send list of NoteDto
2025-05-24T18:44:57.531+02:00  INFO 12472 --- [noteapi] [http-nio-5002-exec-10] c.m.noteApi.controller.NoteController    : Receive GET /api/notes/6830ca42a1c93c5f674fcdae: NoteApi use RestController to send NoteDto
2025-05-24T18:45:01.210+02:00  INFO 12472 --- [noteapi] [http-nio-5002-exec-1] c.m.noteApi.controller.NoteController    : Receive GET /api/notes/6830ca42a1c93c5f674fcdae: NoteApi use RestController to send NoteDto
2025-05-24T18:45:01.309+02:00  INFO 12472 --- [noteapi] [http-nio-5002-exec-2] c.m.noteApi.controller.NoteController    : Receive PUT /api/notes/6830ca42a1c93c5f674fcdae : NoteDto:NoteDto(id=6830ca42a1c93c5f674fcdae, fkPatientNom=TestNone, note=
) - NoteApi use RestController to update NoteDto
2025-05-24T18:45:01.363+02:00  INFO 12472 --- [noteapi] [http-nio-5002-exec-3] c.m.noteApi.controller.NoteController    : Receive GET /api/notes/patient/TestNone: NoteApi use RestController to send list of NoteDto
2025-05-24T18:45:01.375+02:00  INFO 12472 --- [noteapi] [http-nio-5002-exec-4] c.m.noteApi.controller.NoteController    : Receive GET /api/notes/patient/TestBorderline: NoteApi use RestController to send list of NoteDto
2025-05-24T18:45:01.383+02:00  INFO 12472 --- [noteapi] [http-nio-5002-exec-6] c.m.noteApi.controller.NoteController    : Receive GET /api/notes/patient/TestInDanger: NoteApi use RestController to send list of NoteDto
2025-05-24T18:45:01.392+02:00  INFO 12472 --- [noteapi] [http-nio-5002-exec-5] c.m.noteApi.controller.NoteController    : Receive GET /api/notes/patient/TestEarlyOnset: NoteApi use RestController to send list of NoteDto
2025-05-24T18:45:11.872+02:00  INFO 12472 --- [noteapi] [http-nio-5002-exec-7] c.m.noteApi.controller.NoteController    : Receive GET /api/notes/patient/TestNone: NoteApi use RestController to send list of NoteDto
2025-05-24T18:45:11.892+02:00  INFO 12472 --- [noteapi] [http-nio-5002-exec-8] c.m.noteApi.controller.NoteController    : Receive GET /api/notes/patient/TestBorderline: NoteApi use RestController to send list of NoteDto
2025-05-24T18:45:11.911+02:00  INFO 12472 --- [noteapi] [http-nio-5002-exec-9] c.m.noteApi.controller.NoteController    : Receive GET /api/notes/patient/TestInDanger: NoteApi use RestController to send list of NoteDto
2025-05-24T18:45:11.931+02:00  INFO 12472 --- [noteapi] [http-nio-5002-exec-10] c.m.noteApi.controller.NoteController    : Receive GET /api/notes/patient/TestEarlyOnset: NoteApi use RestController to send list of NoteDto
2025-05-24T18:45:53.195+02:00  INFO 12472 --- [noteapi] [http-nio-5002-exec-1] c.m.noteApi.controller.NoteController    : Receive GET /api/notes/patient/TestNone: NoteApi use RestController to send list of NoteDto
2025-05-24T18:45:53.201+02:00  INFO 12472 --- [noteapi] [http-nio-5002-exec-2] c.m.noteApi.controller.NoteController    : Receive GET /api/notes/patient/TestBorderline: NoteApi use RestController to send list of NoteDto
2025-05-24T18:45:53.209+02:00  INFO 12472 --- [noteapi] [http-nio-5002-exec-3] c.m.noteApi.controller.NoteController    : Receive GET /api/notes/patient/TestInDanger: NoteApi use RestController to send list of NoteDto
2025-05-24T18:45:53.217+02:00  INFO 12472 --- [noteapi] [http-nio-5002-exec-4] c.m.noteApi.controller.NoteController    : Receive GET /api/notes/patient/TestEarlyOnset: NoteApi use RestController to send list of NoteDto
2025-05-24T18:45:54.592+02:00  INFO 12472 --- [noteapi] [http-nio-5002-exec-6] c.m.noteApi.controller.NoteController    : Receive GET /api/notes/patient/TestNone: NoteApi use RestController to send list of NoteDto
2025-05-24T18:45:54.600+02:00  INFO 12472 --- [noteapi] [http-nio-5002-exec-5] c.m.noteApi.controller.NoteController    : Receive GET /api/notes/patient/TestBorderline: NoteApi use RestController to send list of NoteDto
2025-05-24T18:45:54.608+02:00  INFO 12472 --- [noteapi] [http-nio-5002-exec-7] c.m.noteApi.controller.NoteController    : Receive GET /api/notes/patient/TestInDanger: NoteApi use RestController to send list of NoteDto
2025-05-24T18:45:54.615+02:00  INFO 12472 --- [noteapi] [http-nio-5002-exec-8] c.m.noteApi.controller.NoteController    : Receive GET /api/notes/patient/TestEarlyOnset: NoteApi use RestController to send list of NoteDto
2025-05-24T18:45:55.388+02:00  INFO 12472 --- [noteapi] [http-nio-5002-exec-9] c.m.noteApi.controller.NoteController    : Receive GET /api/notes/patient/TestNone: NoteApi use RestController to send list of NoteDto
2025-05-24T18:45:55.395+02:00  INFO 12472 --- [noteapi] [http-nio-5002-exec-10] c.m.noteApi.controller.NoteController    : Receive GET /api/notes/patient/TestBorderline: NoteApi use RestController to send list of NoteDto
2025-05-24T18:45:55.402+02:00  INFO 12472 --- [noteapi] [http-nio-5002-exec-1] c.m.noteApi.controller.NoteController    : Receive GET /api/notes/patient/TestInDanger: NoteApi use RestController to send list of NoteDto
2025-05-24T18:45:55.410+02:00  INFO 12472 --- [noteapi] [http-nio-5002-exec-2] c.m.noteApi.controller.NoteController    : Receive GET /api/notes/patient/TestEarlyOnset: NoteApi use RestController to send list of NoteDto
2025-05-24T18:45:56.150+02:00  INFO 12472 --- [noteapi] [http-nio-5002-exec-3] c.m.noteApi.controller.NoteController    : Receive GET /api/notes/patient/TestNone: NoteApi use RestController to send list of NoteDto
2025-05-24T18:45:56.159+02:00  INFO 12472 --- [noteapi] [http-nio-5002-exec-4] c.m.noteApi.controller.NoteController    : Receive GET /api/notes/patient/TestBorderline: NoteApi use RestController to send list of NoteDto
2025-05-24T18:45:56.166+02:00  INFO 12472 --- [noteapi] [http-nio-5002-exec-6] c.m.noteApi.controller.NoteController    : Receive GET /api/notes/patient/TestInDanger: NoteApi use RestController to send list of NoteDto
2025-05-24T18:45:56.172+02:00  INFO 12472 --- [noteapi] [http-nio-5002-exec-5] c.m.noteApi.controller.NoteController    : Receive GET /api/notes/patient/TestEarlyOnset: NoteApi use RestController to send list of NoteDto
2025-05-24T18:45:56.998+02:00  INFO 12472 --- [noteapi] [http-nio-5002-exec-7] c.m.noteApi.controller.NoteController    : Receive GET /api/notes/patient/TestNone: NoteApi use RestController to send list of NoteDto
2025-05-24T18:45:59.624+02:00  INFO 12472 --- [noteapi] [http-nio-5002-exec-9] c.m.noteApi.controller.NoteController    : Receive GET /api/notes/682dfc76aaa3f05cf5f02c2b: NoteApi use RestController to send NoteDto
2025-05-24T18:46:02.413+02:00  INFO 12472 --- [noteapi] [http-nio-5002-exec-10] c.m.noteApi.controller.NoteController    : Receive GET /api/notes/patient/TestBorderline: NoteApi use RestController to send list of NoteDto
2025-05-24T18:46:04.254+02:00  INFO 12472 --- [noteapi] [http-nio-5002-exec-1] c.m.noteApi.controller.NoteController    : Receive PUT /api/notes/termesAnalyse/TestManuel - NoteApi use RestController get number of trigger terms in list of NoteDto for this patient 
2025-05-24T18:46:05.844+02:00  INFO 12472 --- [noteapi] [http-nio-5002-exec-2] c.m.noteApi.controller.NoteController    : Receive GET /api/notes/682dfc76aaa3f05cf5f02c2b: NoteApi use RestController to send NoteDto
2025-05-24T18:46:12.623+02:00  INFO 12472 --- [noteapi] [http-nio-5002-exec-3] c.m.noteApi.controller.NoteController    : Receive GET /api/notes/patient/TestNone: NoteApi use RestController to send list of NoteDto
2025-05-24T18:46:12.639+02:00  INFO 12472 --- [noteapi] [http-nio-5002-exec-4] c.m.noteApi.controller.NoteController    : Receive GET /api/notes/patient/TestBorderline: NoteApi use RestController to send list of NoteDto
2025-05-24T18:46:12.654+02:00  INFO 12472 --- [noteapi] [http-nio-5002-exec-6] c.m.noteApi.controller.NoteController    : Receive GET /api/notes/patient/TestInDanger: NoteApi use RestController to send list of NoteDto
2025-05-24T18:46:12.669+02:00  INFO 12472 --- [noteapi] [http-nio-5002-exec-5] c.m.noteApi.controller.NoteController    : Receive GET /api/notes/patient/TestEarlyOnset: NoteApi use RestController to send list of NoteDto
2025-05-24T18:46:25.241+02:00  INFO 12472 --- [noteapi] [RMI TCP Connection(9)-127.0.0.1] inMXBeanRegistrar$SpringApplicationAdmin : Application shutdown requested.
2025-05-24T18:46:25.242+02:00  INFO 12472 --- [noteapi] [RMI TCP Connection(9)-127.0.0.1] o.s.c.n.e.s.EurekaServiceRegistry        : Unregistering application NOTEAPI with eureka with status DOWN
2025-05-24T18:46:25.243+02:00  INFO 12472 --- [noteapi] [RMI TCP Connection(9)-127.0.0.1] com.netflix.discovery.DiscoveryClient    : Saw local status change event StatusChangeEvent [timestamp=1748105185243, current=DOWN, previous=UP]
2025-05-24T18:46:25.243+02:00  INFO 12472 --- [noteapi] [DiscoveryClient-InstanceInfoReplicator-%d] com.netflix.discovery.DiscoveryClient    : DiscoveryClient_NOTEAPI/PC-Quentin-Martel.mshome.net:noteapi:5002: registering service...
2025-05-24T18:46:25.245+02:00  INFO 12472 --- [noteapi] [RMI TCP Connection(9)-127.0.0.1] o.s.b.w.e.tomcat.GracefulShutdown        : Commencing graceful shutdown. Waiting for active requests to complete
2025-05-24T18:46:25.256+02:00  INFO 12472 --- [noteapi] [tomcat-shutdown] o.s.b.w.e.tomcat.GracefulShutdown        : Graceful shutdown complete
2025-05-24T18:46:25.263+02:00  INFO 12472 --- [noteapi] [DiscoveryClient-InstanceInfoReplicator-%d] com.netflix.discovery.DiscoveryClient    : DiscoveryClient_NOTEAPI/PC-Quentin-Martel.mshome.net:noteapi:5002 - registration status: 204
2025-05-24T18:46:25.269+02:00  INFO 12472 --- [noteapi] [RMI TCP Connection(9)-127.0.0.1] com.netflix.discovery.DiscoveryClient    : Shutting down DiscoveryClient ...
