2025-05-23T21:17:27.808+02:00  INFO 12952 --- [noteApi] [restartedMain] c.mediLabo.noteApi.NoteApiApplication    : Starting NoteApiApplication using Java 22.0.1 with PID 12952 (C:\Users\martel\Desktop\1-dev java\P9-Entrainement\noteApi\target\classes started by martel in C:\Users\martel\Desktop\1-dev java\P9-Entrainement\noteApi)
2025-05-23T21:17:27.812+02:00  INFO 12952 --- [noteApi] [restartedMain] c.mediLabo.noteApi.NoteApiApplication    : No active profile set, falling back to 1 default profile: "default"
2025-05-23T21:17:27.881+02:00  INFO 12952 --- [noteApi] [restartedMain] .e.DevToolsPropertyDefaultsPostProcessor : Devtools property defaults active! Set 'spring.devtools.add-properties' to 'false' to disable
2025-05-23T21:17:27.882+02:00  INFO 12952 --- [noteApi] [restartedMain] .e.DevToolsPropertyDefaultsPostProcessor : For additional web related logging consider setting the 'logging.level.web' property to 'DEBUG'
2025-05-23T21:17:29.822+02:00  INFO 12952 --- [noteApi] [restartedMain] .s.d.r.c.RepositoryConfigurationDelegate : Bootstrapping Spring Data MongoDB repositories in DEFAULT mode.
2025-05-23T21:17:30.107+02:00  INFO 12952 --- [noteApi] [restartedMain] .s.d.r.c.RepositoryConfigurationDelegate : Finished Spring Data repository scanning in 276 ms. Found 1 MongoDB repository interface.
2025-05-23T21:17:30.441+02:00  INFO 12952 --- [noteApi] [restartedMain] o.s.cloud.context.scope.GenericScope     : BeanFactory id=67612633-d845-3370-b451-4afdb93dac4d
2025-05-23T21:17:31.208+02:00  INFO 12952 --- [noteApi] [restartedMain] o.s.b.w.embedded.tomcat.TomcatWebServer  : Tomcat initialized with port 5002 (http)
2025-05-23T21:17:31.228+02:00  INFO 12952 --- [noteApi] [restartedMain] o.apache.catalina.core.StandardService   : Starting service [Tomcat]
2025-05-23T21:17:31.229+02:00  INFO 12952 --- [noteApi] [restartedMain] o.apache.catalina.core.StandardEngine    : Starting Servlet engine: [Apache Tomcat/10.1.40]
2025-05-23T21:17:31.315+02:00  INFO 12952 --- [noteApi] [restartedMain] o.a.c.c.C.[Tomcat].[localhost].[/]       : Initializing Spring embedded WebApplicationContext
2025-05-23T21:17:31.316+02:00  INFO 12952 --- [noteApi] [restartedMain] w.s.c.ServletWebServerApplicationContext : Root WebApplicationContext: initialization completed in 3433 ms
2025-05-23T21:17:31.923+02:00  INFO 12952 --- [noteApi] [restartedMain] org.mongodb.driver.client                : MongoClient with metadata {"driver": {"name": "mongo-java-driver|sync|spring-boot", "version": "5.2.1"}, "os": {"type": "Windows", "name": "Windows 11", "architecture": "amd64", "version": "10.0"}, "platform": "Java/Eclipse Adoptium/22.0.1+8"} created with settings MongoClientSettings{readPreference=primary, writeConcern=WriteConcern{w=null, wTimeout=null ms, journal=null}, retryWrites=true, retryReads=true, readConcern=ReadConcern{level=null}, credential=null, transportSettings=null, commandListeners=[io.micrometer.core.instrument.binder.mongodb.MongoMetricsCommandListener@38183267], codecRegistry=ProvidersCodecRegistry{codecProviders=[ValueCodecProvider{}, BsonValueCodecProvider{}, DBRefCodecProvider{}, DBObjectCodecProvider{}, DocumentCodecProvider{}, CollectionCodecProvider{}, IterableCodecProvider{}, MapCodecProvider{}, GeoJsonCodecProvider{}, GridFSFileCodecProvider{}, Jsr310CodecProvider{}, JsonObjectCodecProvider{}, BsonCodecProvider{}, EnumCodecProvider{}, com.mongodb.client.model.mql.ExpressionCodecProvider@5163f096, com.mongodb.Jep395RecordCodecProvider@5ff214cc, com.mongodb.KotlinCodecProvider@6ee33396]}, loggerSettings=LoggerSettings{maxDocumentLength=1000}, clusterSettings={hosts=[localhost:27017], srvServiceName=mongodb, mode=SINGLE, requiredClusterType=UNKNOWN, requiredReplicaSetName='null', serverSelector='null', clusterListeners='[]', serverSelectionTimeout='30000 ms', localThreshold='15 ms'}, socketSettings=SocketSettings{connectTimeoutMS=10000, readTimeoutMS=0, receiveBufferSize=0, proxySettings=ProxySettings{host=null, port=null, username=null, password=null}}, heartbeatSocketSettings=SocketSettings{connectTimeoutMS=10000, readTimeoutMS=10000, receiveBufferSize=0, proxySettings=ProxySettings{host=null, port=null, username=null, password=null}}, connectionPoolSettings=ConnectionPoolSettings{maxSize=100, minSize=0, maxWaitTimeMS=120000, maxConnectionLifeTimeMS=0, maxConnectionIdleTimeMS=0, maintenanceInitialDelayMS=0, maintenanceFrequencyMS=60000, connectionPoolListeners=[io.micrometer.core.instrument.binder.mongodb.MongoMetricsConnectionPoolListener@1711af27], maxConnecting=2}, serverSettings=ServerSettings{heartbeatFrequencyMS=10000, minHeartbeatFrequencyMS=500, serverMonitoringMode=AUTO, serverListeners='[]', serverMonitorListeners='[]'}, sslSettings=SslSettings{enabled=false, invalidHostNameAllowed=false, context=null}, applicationName='null', compressorList=[], uuidRepresentation=JAVA_LEGACY, serverApi=null, autoEncryptionSettings=null, dnsClient=null, inetAddressResolver=null, contextProvider=null, timeoutMS=null}
2025-05-23T21:17:31.947+02:00  INFO 12952 --- [noteApi] [cluster-ClusterId{value='6830c9cba1c93c5f674fcdad', description='null'}-localhost:27017] org.mongodb.driver.cluster               : Monitor thread successfully connected to server with description ServerDescription{address=localhost:27017, type=STANDALONE, cryptd=false, state=CONNECTED, ok=true, minWireVersion=0, maxWireVersion=25, maxDocumentSize=16777216, logicalSessionTimeoutMinutes=30, roundTripTimeNanos=26631000, minRoundTripTimeNanos=0}
2025-05-23T21:17:32.121+02:00  WARN 12952 --- [noteApi] [restartedMain] o.s.b.d.a.OptionalLiveReloadServer       : Unable to start LiveReload server
2025-05-23T21:17:33.096+02:00  INFO 12952 --- [noteApi] [restartedMain] DiscoveryClientOptionalArgsConfiguration : Eureka HTTP Client uses RestTemplate.
2025-05-23T21:17:33.141+02:00  WARN 12952 --- [noteApi] [restartedMain] iguration$LoadBalancerCaffeineWarnLogger : Spring Cloud LoadBalancer is currently working with the default cache. While this cache implementation is useful for development and tests, it's recommended to use Caffeine cache in production.You can switch to using Caffeine cache, by adding it and org.springframework.cache.caffeine.CaffeineCacheManager to the classpath.
2025-05-23T21:17:33.147+02:00  INFO 12952 --- [noteApi] [restartedMain] o.s.b.a.e.web.EndpointLinksResolver      : Exposing 1 endpoint beneath base path '/actuator'
2025-05-23T21:17:33.228+02:00  INFO 12952 --- [noteApi] [restartedMain] o.s.c.n.eureka.InstanceInfoFactory       : Setting initial instance status as: STARTING
2025-05-23T21:17:33.248+02:00  INFO 12952 --- [noteApi] [restartedMain] com.netflix.discovery.DiscoveryClient    : Initializing Eureka in region us-east-1
2025-05-23T21:17:33.253+02:00  INFO 12952 --- [noteApi] [restartedMain] c.n.d.s.r.aws.ConfigClusterResolver      : Resolving eureka endpoints via configuration
2025-05-23T21:17:33.261+02:00  INFO 12952 --- [noteApi] [restartedMain] com.netflix.discovery.DiscoveryClient    : Disable delta property : false
2025-05-23T21:17:33.261+02:00  INFO 12952 --- [noteApi] [restartedMain] com.netflix.discovery.DiscoveryClient    : Single vip registry refresh property : null
2025-05-23T21:17:33.261+02:00  INFO 12952 --- [noteApi] [restartedMain] com.netflix.discovery.DiscoveryClient    : Force full registry fetch : false
2025-05-23T21:17:33.262+02:00  INFO 12952 --- [noteApi] [restartedMain] com.netflix.discovery.DiscoveryClient    : Application is null : false
2025-05-23T21:17:33.262+02:00  INFO 12952 --- [noteApi] [restartedMain] com.netflix.discovery.DiscoveryClient    : Registered Applications size is zero : true
2025-05-23T21:17:33.262+02:00  INFO 12952 --- [noteApi] [restartedMain] com.netflix.discovery.DiscoveryClient    : Application version is -1: true
2025-05-23T21:17:33.263+02:00  INFO 12952 --- [noteApi] [restartedMain] com.netflix.discovery.DiscoveryClient    : Getting all instance registry info from the eureka server
2025-05-23T21:17:33.784+02:00  INFO 12952 --- [noteApi] [restartedMain] com.netflix.discovery.DiscoveryClient    : The response status is 200
2025-05-23T21:17:33.785+02:00  INFO 12952 --- [noteApi] [restartedMain] com.netflix.discovery.DiscoveryClient    : Starting heartbeat executor: renew interval is: 30
2025-05-23T21:17:33.787+02:00  INFO 12952 --- [noteApi] [restartedMain] c.n.discovery.InstanceInfoReplicator     : InstanceInfoReplicator onDemand update allowed rate per min is 4
2025-05-23T21:17:33.788+02:00  INFO 12952 --- [noteApi] [restartedMain] com.netflix.discovery.DiscoveryClient    : Discovery Client initialized at timestamp 1748027853787 with initial instances count: 0
2025-05-23T21:17:33.791+02:00  INFO 12952 --- [noteApi] [restartedMain] o.s.c.n.e.s.EurekaServiceRegistry        : Registering application NOTEAPI with eureka with status UP
2025-05-23T21:17:33.792+02:00  INFO 12952 --- [noteApi] [restartedMain] com.netflix.discovery.DiscoveryClient    : Saw local status change event StatusChangeEvent [timestamp=1748027853792, current=UP, previous=STARTING]
2025-05-23T21:17:33.793+02:00  INFO 12952 --- [noteApi] [DiscoveryClient-InstanceInfoReplicator-%d] com.netflix.discovery.DiscoveryClient    : DiscoveryClient_NOTEAPI/PC-Quentin-Martel.mshome.net:noteApi:5002: registering service...
2025-05-23T21:17:33.815+02:00  INFO 12952 --- [noteApi] [restartedMain] o.s.b.w.embedded.tomcat.TomcatWebServer  : Tomcat started on port 5002 (http) with context path '/'
2025-05-23T21:17:33.817+02:00  INFO 12952 --- [noteApi] [restartedMain] .s.c.n.e.s.EurekaAutoServiceRegistration : Updating port to 5002
2025-05-23T21:17:33.837+02:00  INFO 12952 --- [noteApi] [restartedMain] c.mediLabo.noteApi.NoteApiApplication    : Started NoteApiApplication in 6.875 seconds (process running for 7.909)
2025-05-23T21:17:33.909+02:00  INFO 12952 --- [noteApi] [DiscoveryClient-InstanceInfoReplicator-%d] com.netflix.discovery.DiscoveryClient    : DiscoveryClient_NOTEAPI/PC-Quentin-Martel.mshome.net:noteApi:5002 - registration status: 204
2025-05-23T21:17:34.444+02:00  INFO 12952 --- [noteApi] [RMI TCP Connection(4)-127.0.0.1] o.a.c.c.C.[Tomcat].[localhost].[/]       : Initializing Spring DispatcherServlet 'dispatcherServlet'
2025-05-23T21:17:34.444+02:00  INFO 12952 --- [noteApi] [RMI TCP Connection(4)-127.0.0.1] o.s.web.servlet.DispatcherServlet        : Initializing Servlet 'dispatcherServlet'
2025-05-23T21:17:34.446+02:00  INFO 12952 --- [noteApi] [RMI TCP Connection(4)-127.0.0.1] o.s.web.servlet.DispatcherServlet        : Completed initialization in 2 ms
2025-05-23T21:18:03.797+02:00  INFO 12952 --- [noteApi] [DiscoveryClient-CacheRefreshExecutor-%d] com.netflix.discovery.DiscoveryClient    : Disable delta property : false
2025-05-23T21:18:03.798+02:00  INFO 12952 --- [noteApi] [DiscoveryClient-CacheRefreshExecutor-%d] com.netflix.discovery.DiscoveryClient    : Single vip registry refresh property : null
2025-05-23T21:18:03.798+02:00  INFO 12952 --- [noteApi] [DiscoveryClient-CacheRefreshExecutor-%d] com.netflix.discovery.DiscoveryClient    : Force full registry fetch : false
2025-05-23T21:18:03.798+02:00  INFO 12952 --- [noteApi] [DiscoveryClient-CacheRefreshExecutor-%d] com.netflix.discovery.DiscoveryClient    : Application is null : false
2025-05-23T21:18:03.798+02:00  INFO 12952 --- [noteApi] [DiscoveryClient-CacheRefreshExecutor-%d] com.netflix.discovery.DiscoveryClient    : Registered Applications size is zero : true
2025-05-23T21:18:03.799+02:00  INFO 12952 --- [noteApi] [DiscoveryClient-CacheRefreshExecutor-%d] com.netflix.discovery.DiscoveryClient    : Application version is -1: false
2025-05-23T21:18:03.799+02:00  INFO 12952 --- [noteApi] [DiscoveryClient-CacheRefreshExecutor-%d] com.netflix.discovery.DiscoveryClient    : Getting all instance registry info from the eureka server
2025-05-23T21:18:03.825+02:00  INFO 12952 --- [noteApi] [DiscoveryClient-CacheRefreshExecutor-%d] com.netflix.discovery.DiscoveryClient    : The response status is 200
2025-05-23T21:19:10.963+02:00  INFO 12952 --- [noteApi] [http-nio-5002-exec-1] c.m.n.restController.NoteController      : Receive GET /api/notes/patient/TestNone: NoteApi use RestController to send list of NoteDto
2025-05-23T21:19:11.016+02:00  INFO 12952 --- [noteApi] [http-nio-5002-exec-2] c.m.n.restController.NoteController      : Receive GET /api/notes/patient/TestBorderline: NoteApi use RestController to send list of NoteDto
2025-05-23T21:19:11.025+02:00  INFO 12952 --- [noteApi] [http-nio-5002-exec-3] c.m.n.restController.NoteController      : Receive GET /api/notes/patient/TestInDanger: NoteApi use RestController to send list of NoteDto
2025-05-23T21:19:11.035+02:00  INFO 12952 --- [noteApi] [http-nio-5002-exec-4] c.m.n.restController.NoteController      : Receive GET /api/notes/patient/TestEarlyOnset: NoteApi use RestController to send list of NoteDto
2025-05-23T21:19:16.582+02:00  INFO 12952 --- [noteApi] [http-nio-5002-exec-6] c.m.n.restController.NoteController      : Receive GET /api/notes/patient/TestNone: NoteApi use RestController to send list of NoteDto
2025-05-23T21:19:16.597+02:00  INFO 12952 --- [noteApi] [http-nio-5002-exec-5] c.m.n.restController.NoteController      : Receive GET /api/notes/patient/TestBorderline: NoteApi use RestController to send list of NoteDto
2025-05-23T21:19:16.614+02:00  INFO 12952 --- [noteApi] [http-nio-5002-exec-8] c.m.n.restController.NoteController      : Receive GET /api/notes/patient/TestInDanger: NoteApi use RestController to send list of NoteDto
2025-05-23T21:19:16.629+02:00  INFO 12952 --- [noteApi] [http-nio-5002-exec-7] c.m.n.restController.NoteController      : Receive GET /api/notes/patient/TestEarlyOnset: NoteApi use RestController to send list of NoteDto
2025-05-23T21:19:20.012+02:00  INFO 12952 --- [noteApi] [http-nio-5002-exec-9] c.m.n.restController.NoteController      : Receive GET /api/notes/patient/TestNone: NoteApi use RestController to send list of NoteDto
2025-05-23T21:19:20.028+02:00  INFO 12952 --- [noteApi] [http-nio-5002-exec-10] c.m.n.restController.NoteController      : Receive GET /api/notes/patient/TestBorderline: NoteApi use RestController to send list of NoteDto
2025-05-23T21:19:20.044+02:00  INFO 12952 --- [noteApi] [http-nio-5002-exec-1] c.m.n.restController.NoteController      : Receive GET /api/notes/patient/TestInDanger: NoteApi use RestController to send list of NoteDto
2025-05-23T21:19:20.061+02:00  INFO 12952 --- [noteApi] [http-nio-5002-exec-2] c.m.n.restController.NoteController      : Receive GET /api/notes/patient/TestEarlyOnset: NoteApi use RestController to send list of NoteDto
2025-05-23T21:19:20.858+02:00  INFO 12952 --- [noteApi] [http-nio-5002-exec-3] c.m.n.restController.NoteController      : Receive GET /api/notes/patient/TestNone: NoteApi use RestController to send list of NoteDto
2025-05-23T21:19:22.663+02:00  INFO 12952 --- [noteApi] [http-nio-5002-exec-4] c.m.n.restController.NoteController      : Receive GET /api/notes/682dfc76aaa3f05cf5f02c2b: NoteApi use RestController to send NoteDto
2025-05-23T21:19:24.502+02:00  INFO 12952 --- [noteApi] [http-nio-5002-exec-6] c.m.n.restController.NoteController      : Receive GET /api/notes/682dfc76aaa3f05cf5f02c2b: NoteApi use RestController to send NoteDto
2025-05-23T21:19:24.611+02:00  INFO 12952 --- [noteApi] [http-nio-5002-exec-5] c.m.n.restController.NoteController      : Receive PUT /api/notes/682dfc76aaa3f05cf5f02c2b : NoteDto:NoteDto(id=682dfc76aaa3f05cf5f02c2b, fkPatientNom=TestNone, note=Le patient déclare qu'il 'se sent très bien' Poids égal ou inférieur au poids recommandé.) - NoteApi use RestController to update NoteDto
2025-05-23T21:19:24.657+02:00  INFO 12952 --- [noteApi] [http-nio-5002-exec-8] c.m.n.restController.NoteController      : Receive GET /api/notes/patient/TestNone: NoteApi use RestController to send list of NoteDto
2025-05-23T21:19:24.672+02:00  INFO 12952 --- [noteApi] [http-nio-5002-exec-7] c.m.n.restController.NoteController      : Receive GET /api/notes/patient/TestBorderline: NoteApi use RestController to send list of NoteDto
2025-05-23T21:19:24.682+02:00  INFO 12952 --- [noteApi] [http-nio-5002-exec-9] c.m.n.restController.NoteController      : Receive GET /api/notes/patient/TestInDanger: NoteApi use RestController to send list of NoteDto
2025-05-23T21:19:24.694+02:00  INFO 12952 --- [noteApi] [http-nio-5002-exec-10] c.m.n.restController.NoteController      : Receive GET /api/notes/patient/TestEarlyOnset: NoteApi use RestController to send list of NoteDto
2025-05-23T21:19:26.017+02:00  INFO 12952 --- [noteApi] [http-nio-5002-exec-1] c.m.n.restController.NoteController      : Receive GET /api/notes/patient/TestNone: NoteApi use RestController to send list of NoteDto
2025-05-23T21:19:30.568+02:00  INFO 12952 --- [noteApi] [http-nio-5002-exec-2] c.m.n.restController.NoteController      : Receive POST:NoteDto(id=null, fkPatientNom=TestNone, note=a) - NoteApi use RestController to create NoteDto
2025-05-23T21:19:30.617+02:00  INFO 12952 --- [noteApi] [http-nio-5002-exec-3] c.m.n.restController.NoteController      : Receive GET /api/notes/patient/TestNone: NoteApi use RestController to send list of NoteDto
2025-05-23T21:19:30.630+02:00  INFO 12952 --- [noteApi] [http-nio-5002-exec-4] c.m.n.restController.NoteController      : Receive GET /api/notes/patient/TestBorderline: NoteApi use RestController to send list of NoteDto
2025-05-23T21:19:30.642+02:00  INFO 12952 --- [noteApi] [http-nio-5002-exec-6] c.m.n.restController.NoteController      : Receive GET /api/notes/patient/TestInDanger: NoteApi use RestController to send list of NoteDto
2025-05-23T21:19:30.658+02:00  INFO 12952 --- [noteApi] [http-nio-5002-exec-5] c.m.n.restController.NoteController      : Receive GET /api/notes/patient/TestEarlyOnset: NoteApi use RestController to send list of NoteDto
2025-05-23T21:19:37.033+02:00  INFO 12952 --- [noteApi] [http-nio-5002-exec-8] c.m.n.restController.NoteController      : Receive GET /api/notes/patient/TestNonea: NoteApi use RestController to send list of NoteDto
2025-05-23T21:19:37.042+02:00  INFO 12952 --- [noteApi] [http-nio-5002-exec-7] c.m.n.restController.NoteController      : Receive GET /api/notes/patient/TestBorderline: NoteApi use RestController to send list of NoteDto
2025-05-23T21:19:37.052+02:00  INFO 12952 --- [noteApi] [http-nio-5002-exec-9] c.m.n.restController.NoteController      : Receive GET /api/notes/patient/TestInDanger: NoteApi use RestController to send list of NoteDto
2025-05-23T21:19:37.063+02:00  INFO 12952 --- [noteApi] [http-nio-5002-exec-10] c.m.n.restController.NoteController      : Receive GET /api/notes/patient/TestEarlyOnset: NoteApi use RestController to send list of NoteDto
2025-05-23T21:20:13.630+02:00  INFO 12952 --- [noteApi] [http-nio-5002-exec-1] c.m.n.restController.NoteController      : Receive GET /api/notes/patient/TestNone2: NoteApi use RestController to send list of NoteDto
2025-05-23T21:20:13.644+02:00  INFO 12952 --- [noteApi] [http-nio-5002-exec-2] c.m.n.restController.NoteController      : Receive GET /api/notes/patient/TestBorderline: NoteApi use RestController to send list of NoteDto
2025-05-23T21:20:13.655+02:00  INFO 12952 --- [noteApi] [http-nio-5002-exec-3] c.m.n.restController.NoteController      : Receive GET /api/notes/patient/TestInDanger: NoteApi use RestController to send list of NoteDto
2025-05-23T21:20:13.664+02:00  INFO 12952 --- [noteApi] [http-nio-5002-exec-4] c.m.n.restController.NoteController      : Receive GET /api/notes/patient/TestEarlyOnset: NoteApi use RestController to send list of NoteDto
2025-05-23T21:20:24.754+02:00  INFO 12952 --- [noteApi] [http-nio-5002-exec-6] c.m.n.restController.NoteController      : Receive GET /api/notes/patient/TestNone2: NoteApi use RestController to send list of NoteDto
2025-05-23T21:20:24.769+02:00  INFO 12952 --- [noteApi] [http-nio-5002-exec-5] c.m.n.restController.NoteController      : Receive GET /api/notes/patient/TestBorderline: NoteApi use RestController to send list of NoteDto
2025-05-23T21:20:24.787+02:00  INFO 12952 --- [noteApi] [http-nio-5002-exec-8] c.m.n.restController.NoteController      : Receive GET /api/notes/patient/TestInDanger: NoteApi use RestController to send list of NoteDto
2025-05-23T21:20:24.804+02:00  INFO 12952 --- [noteApi] [http-nio-5002-exec-7] c.m.n.restController.NoteController      : Receive GET /api/notes/patient/TestEarlyOnset: NoteApi use RestController to send list of NoteDto
2025-05-23T21:20:35.148+02:00  INFO 12952 --- [noteApi] [http-nio-5002-exec-10] c.m.n.restController.NoteController      : Receive GET /api/notes/patient/1: NoteApi use RestController to send list of NoteDto
2025-05-23T21:20:35.158+02:00  INFO 12952 --- [noteApi] [http-nio-5002-exec-1] c.m.n.restController.NoteController      : Receive GET /api/notes/patient/TestBorderline: NoteApi use RestController to send list of NoteDto
2025-05-23T21:20:35.167+02:00  INFO 12952 --- [noteApi] [http-nio-5002-exec-2] c.m.n.restController.NoteController      : Receive GET /api/notes/patient/TestInDanger: NoteApi use RestController to send list of NoteDto
2025-05-23T21:20:35.177+02:00  INFO 12952 --- [noteApi] [http-nio-5002-exec-3] c.m.n.restController.NoteController      : Receive GET /api/notes/patient/TestEarlyOnset: NoteApi use RestController to send list of NoteDto
2025-05-23T21:20:37.706+02:00  INFO 12952 --- [noteApi] [http-nio-5002-exec-4] c.m.n.restController.NoteController      : Receive GET /api/notes/patient/1: NoteApi use RestController to send list of NoteDto
2025-05-23T21:20:37.716+02:00  INFO 12952 --- [noteApi] [http-nio-5002-exec-6] c.m.n.restController.NoteController      : Receive GET /api/notes/patient/TestBorderline: NoteApi use RestController to send list of NoteDto
2025-05-23T21:20:37.726+02:00  INFO 12952 --- [noteApi] [http-nio-5002-exec-5] c.m.n.restController.NoteController      : Receive GET /api/notes/patient/TestInDanger: NoteApi use RestController to send list of NoteDto
2025-05-23T21:20:37.736+02:00  INFO 12952 --- [noteApi] [http-nio-5002-exec-8] c.m.n.restController.NoteController      : Receive GET /api/notes/patient/TestEarlyOnset: NoteApi use RestController to send list of NoteDto
2025-05-23T21:22:33.268+02:00  INFO 12952 --- [noteApi] [AsyncResolver-bootstrap-executor-%d] c.n.d.s.r.aws.ConfigClusterResolver      : Resolving eureka endpoints via configuration
2025-05-23T21:22:46.274+02:00  INFO 12952 --- [noteApi] [http-nio-5002-exec-9] c.m.n.restController.NoteController      : Receive GET /api/notes/patient/TestNone: NoteApi use RestController to send list of NoteDto
2025-05-23T21:22:46.291+02:00  INFO 12952 --- [noteApi] [http-nio-5002-exec-10] c.m.n.restController.NoteController      : Receive GET /api/notes/patient/TestBorderline: NoteApi use RestController to send list of NoteDto
2025-05-23T21:22:46.298+02:00  INFO 12952 --- [noteApi] [http-nio-5002-exec-1] c.m.n.restController.NoteController      : Receive GET /api/notes/patient/TestInDanger: NoteApi use RestController to send list of NoteDto
2025-05-23T21:22:46.304+02:00  INFO 12952 --- [noteApi] [http-nio-5002-exec-2] c.m.n.restController.NoteController      : Receive GET /api/notes/patient/TestEarlyOnset: NoteApi use RestController to send list of NoteDto
2025-05-23T21:22:49.266+02:00  INFO 12952 --- [noteApi] [http-nio-5002-exec-3] c.m.n.restController.NoteController      : Receive GET /api/notes/patient/TestNone: NoteApi use RestController to send list of NoteDto
2025-05-23T21:22:49.274+02:00  INFO 12952 --- [noteApi] [http-nio-5002-exec-4] c.m.n.restController.NoteController      : Receive GET /api/notes/patient/TestBorderline: NoteApi use RestController to send list of NoteDto
2025-05-23T21:22:49.282+02:00  INFO 12952 --- [noteApi] [http-nio-5002-exec-6] c.m.n.restController.NoteController      : Receive GET /api/notes/patient/TestInDanger: NoteApi use RestController to send list of NoteDto
2025-05-23T21:22:49.291+02:00  INFO 12952 --- [noteApi] [http-nio-5002-exec-5] c.m.n.restController.NoteController      : Receive GET /api/notes/patient/TestEarlyOnset: NoteApi use RestController to send list of NoteDto
2025-05-23T21:22:55.047+02:00  INFO 12952 --- [noteApi] [http-nio-5002-exec-8] c.m.n.restController.NoteController      : Receive GET /api/notes/patient/TestNone: NoteApi use RestController to send list of NoteDto
2025-05-23T21:22:55.062+02:00  INFO 12952 --- [noteApi] [http-nio-5002-exec-7] c.m.n.restController.NoteController      : Receive GET /api/notes/patient/TestBorderline: NoteApi use RestController to send list of NoteDto
2025-05-23T21:22:55.077+02:00  INFO 12952 --- [noteApi] [http-nio-5002-exec-9] c.m.n.restController.NoteController      : Receive GET /api/notes/patient/TestInDanger: NoteApi use RestController to send list of NoteDto
2025-05-23T21:22:55.089+02:00  INFO 12952 --- [noteApi] [http-nio-5002-exec-10] c.m.n.restController.NoteController      : Receive GET /api/notes/patient/TestEarlyOnset: NoteApi use RestController to send list of NoteDto
2025-05-23T21:23:05.432+02:00  INFO 12952 --- [noteApi] [http-nio-5002-exec-1] c.m.n.restController.NoteController      : Receive GET /api/notes/patient/TestNone: NoteApi use RestController to send list of NoteDto
2025-05-23T21:23:05.448+02:00  INFO 12952 --- [noteApi] [http-nio-5002-exec-2] c.m.n.restController.NoteController      : Receive GET /api/notes/patient/TestBorderline: NoteApi use RestController to send list of NoteDto
2025-05-23T21:23:05.463+02:00  INFO 12952 --- [noteApi] [http-nio-5002-exec-3] c.m.n.restController.NoteController      : Receive GET /api/notes/patient/TestInDanger: NoteApi use RestController to send list of NoteDto
2025-05-23T21:23:05.477+02:00  INFO 12952 --- [noteApi] [http-nio-5002-exec-4] c.m.n.restController.NoteController      : Receive GET /api/notes/patient/TestEarlyOnset: NoteApi use RestController to send list of NoteDto
2025-05-23T21:23:08.376+02:00  INFO 12952 --- [noteApi] [http-nio-5002-exec-6] c.m.n.restController.NoteController      : Receive GET /api/notes/patient/TestNone: NoteApi use RestController to send list of NoteDto
2025-05-23T21:23:08.390+02:00  INFO 12952 --- [noteApi] [http-nio-5002-exec-5] c.m.n.restController.NoteController      : Receive GET /api/notes/patient/TestBorderline: NoteApi use RestController to send list of NoteDto
2025-05-23T21:23:08.403+02:00  INFO 12952 --- [noteApi] [http-nio-5002-exec-8] c.m.n.restController.NoteController      : Receive GET /api/notes/patient/TestInDanger: NoteApi use RestController to send list of NoteDto
2025-05-23T21:23:08.411+02:00  INFO 12952 --- [noteApi] [http-nio-5002-exec-7] c.m.n.restController.NoteController      : Receive GET /api/notes/patient/TestEarlyOnset: NoteApi use RestController to send list of NoteDto
2025-05-23T21:27:33.278+02:00  INFO 12952 --- [noteApi] [AsyncResolver-bootstrap-executor-%d] c.n.d.s.r.aws.ConfigClusterResolver      : Resolving eureka endpoints via configuration
2025-05-23T21:28:25.634+02:00  INFO 12952 --- [noteApi] [File Watcher] rtingClassPathChangeChangedEventListener : Restarting due to 1 class path change (0 additions, 0 deletions, 1 modification)
2025-05-23T21:28:25.636+02:00  INFO 12952 --- [noteApi] [Thread-1] o.s.c.n.e.s.EurekaServiceRegistry        : Unregistering application NOTEAPI with eureka with status DOWN
2025-05-23T21:28:25.636+02:00  INFO 12952 --- [noteApi] [Thread-1] com.netflix.discovery.DiscoveryClient    : Saw local status change event StatusChangeEvent [timestamp=1748028505636, current=DOWN, previous=UP]
2025-05-23T21:28:25.637+02:00  INFO 12952 --- [noteApi] [DiscoveryClient-InstanceInfoReplicator-%d] com.netflix.discovery.DiscoveryClient    : DiscoveryClient_NOTEAPI/PC-Quentin-Martel.mshome.net:noteApi:5002: registering service...
2025-05-23T21:28:25.639+02:00  INFO 12952 --- [noteApi] [Thread-1] o.s.b.w.e.tomcat.GracefulShutdown        : Commencing graceful shutdown. Waiting for active requests to complete
2025-05-23T21:28:25.644+02:00  INFO 12952 --- [noteApi] [DiscoveryClient-InstanceInfoReplicator-%d] com.netflix.discovery.DiscoveryClient    : DiscoveryClient_NOTEAPI/PC-Quentin-Martel.mshome.net:noteApi:5002 - registration status: 204
2025-05-23T21:28:25.653+02:00  INFO 12952 --- [noteApi] [tomcat-shutdown] o.s.b.w.e.tomcat.GracefulShutdown        : Graceful shutdown complete
2025-05-23T21:28:25.670+02:00  INFO 12952 --- [noteApi] [Thread-1] com.netflix.discovery.DiscoveryClient    : Shutting down DiscoveryClient ...
2025-05-23T21:28:28.676+02:00  INFO 12952 --- [noteApi] [Thread-1] com.netflix.discovery.DiscoveryClient    : Unregistering ...
2025-05-23T21:28:28.695+02:00  INFO 12952 --- [noteApi] [Thread-1] com.netflix.discovery.DiscoveryClient    : DiscoveryClient_NOTEAPI/PC-Quentin-Martel.mshome.net:noteApi:5002 - deregister  status: 200
2025-05-23T21:28:28.695+02:00  INFO 12952 --- [noteApi] [Thread-1] com.netflix.discovery.DiscoveryClient    : Completed shut down of DiscoveryClient
